// Vitest Snapshot v1, https://vitest.dev/guide/snapshot.html

exports[`CompanyCard component > matches snapshot 1`] = `
<DocumentFragment>
  <div
    class="w-full flex flex-row rounded-md overflow-hidden"
  >
    <div
      class="w-full px-[2%] py-[2%] flex-row bg-purple-lighter border-purple border-2 rounded-r-md"
    >
      <p
        class="sm:leading-[40px] leading-[25px] sm:text-lg text-[12px] sm:font-medium font-bold font-whyte mb-[-6px]"
      >
        BEDRIFT
      </p>
      <p
        class="truncate sm:leading-[30px] sm:text-sm text-[12px] font-inter max-w-[700px] h-[70px]"
      >
        Lage ting
      </p>
      <div
        class="hidden lg:flex flex-row gap-[5%] mt-2"
      >
        <div
          class="flex flex-row gap-2 items-center"
        >
          <img
            alt="employees"
            src="/project2/icons/users.svg"
          />
          100
        </div>
        <div
          class="flex flex-row gap-2 items-center"
        >
          <img
            alt="employees"
            src="/project2/icons/briefcase.svg"
          />
          Bedrift
        </div>
        <div
          class="flex flex-row gap-2 items-center"
        >
          <img
            alt="employees"
            src="/project2/icons/globe.svg"
          />
          Oslo
        </div>
      </div>
    </div>
  </div>
</DocumentFragment>
`;
