// Vitest Snapshot v1, https://vitest.dev/guide/snapshot.html

exports[`Footer component > matches snapshot 1`] = `
<DocumentFragment>
  <footer
    class="flex flex-row w-full sm:h-[180px] h-[120px] bg-purple items-center px-[8%] font-whyte"
  >
    <a
      href="/"
    >
      <div
        class="flex flex-row items-center justify-center gap-2"
      >
        <img
          alt="companylogo"
          class="pt-2 sm:w-[150px] w-[100px]"
          src="/project2/bedrevLogoWhite.svg"
        />
        <p
          class="sm:text-lg text-base text-white-paper pt-2"
        >
          ©2023
        </p>
      </div>
    </a>
    <div
      class="flex flex-row h-full w-full pt-[6px] items-center justify-end sm:gap-1 text-white-paper sm:text-base text-sm"
    >
      <a
        class="flex items-center justify-center align-center h-[100%] sm:w-[105px] w-[90px]"
        href="/"
      >
        <p>
          Hjem
        </p>
      </a>
      <a
        class="flex items-center justify-center align-center h-[100%] sm:w-[105px] w-[90px]"
        href="/sok-bedrifter"
      >
        <p>
          Søk bedrifter
        </p>
      </a>
    </div>
  </footer>
</DocumentFragment>
`;
