// Vitest Snapshot v1, https://vitest.dev/guide/snapshot.html

exports[`Register page > matches snapshot 1`] = `
<DocumentFragment>
  <div
    class="w-full flex flex-row font-whyte"
  >
    <div
      class="bg-purple w-[0px] h-screen sm:w-1/3 sm:min-w-[200px] sm:p-10 sm:pt-[8vh]"
    >
      <a
        href="/"
      >
        <img
          alt="companylogo"
          class="mb-[12vh]"
          src="/project2/bedrevLogoWhite.svg"
        />
      </a>
      <img
        alt="login"
        src="/project2/homepageArt.svg"
      />
    </div>
    <div
      class="flex-1 flex flex-col items-center font-whyte pt-[100px] sm:pt-[20vh] mx-[50px] sm:mx-[0px]"
    >
      <div
        class="w-full sm:min-w-[400px] sm:w-1/2"
      >
        <a
          href="/"
        >
          <img
            alt="companylogo"
            class="mb-8 sm:hidden"
            src="/project2/bedrevLogo.svg"
          />
        </a>
        <h3
          class="text-3xl text-primary tracking-wider font-light"
        >
          Registrer ny bruker
        </h3>
        <p
          class="pt-[20px] text-primary"
        >
          Fyll inn feltene for Ã¥ registrere deg
        </p>
        <form
          class="w-full mt-[20px] flex flex-col gap-4"
        >
          <div
            class="flex flex-1 h-8 flex-col"
          >
            <div
              class="flex"
            >
              <label
                class="font-medium mb-1 text-md flex justify-start w-full"
                for="radix-:r3:"
              >
                E-post
              </label>
            </div>
            <input
              class="w-[95%] rounded-sm font-inter tracking-wide text-md rounded-lg p-2 h-10 text-primary placeholder-darker outline-primary border-darker z-50 py-2 border-solid overflow-visible border-[2px]"
              id="radix-:r3:"
              name="email"
              placeholder="Skriv inn din E-post"
              title=""
              type="text"
              value=""
            />
          </div>
          <div
            class="flex flex-1 h-8 flex-col"
          >
            <div
              class="flex"
            >
              <label
                class="font-medium mb-1 text-md flex justify-start w-full"
                for="radix-:r4:"
              >
                Passord
              </label>
            </div>
            <input
              class="w-[95%] rounded-sm font-inter tracking-wide text-md rounded-lg p-2 h-10 text-primary placeholder-darker outline-primary border-darker z-50 py-2 border-solid overflow-visible border-[2px]"
              id="radix-:r4:"
              name="password"
              placeholder="Skriv inn ditt passord"
              title=""
              type="password"
              value=""
            />
          </div>
          <div
            class="flex flex-1 h-8 flex-col"
          >
            <div
              class="flex"
            >
              <label
                class="font-medium mb-1 text-md flex justify-start w-full"
                for="radix-:r5:"
              >
                Gjenta passord
              </label>
            </div>
            <input
              class="w-[95%] rounded-sm font-inter tracking-wide text-md rounded-lg p-2 h-10 text-primary placeholder-darker outline-primary border-darker z-50 py-2 border-solid overflow-visible border-[2px]"
              id="radix-:r5:"
              name="password"
              placeholder="Skriv inn ditt passord"
              title=""
              type="password"
              value=""
            />
          </div>
          <div
            class="mt-2 w-full"
          >
            <button
              class="bg-white text-black hover:bg-white hover:text-black rounded-sm border-black border-2 transition-all py-2 w-full text-sm px-undefined group transition hover:bg-primary border-solid"
              type="submit"
            >
              <div
                class="flex flex-row gap-2 justify-center pt-1 h-full px-6 align-middle"
              >
                Registrer deg
              </div>
            </button>
          </div>
          <a
            class="text-yellow self-end mt-1"
            href="/logg-inn"
          >
            Har du allerede bruker? Logg inn her
          </a>
        </form>
      </div>
    </div>
  </div>
</DocumentFragment>
`;
